24-11-2025 11:01:36 [AWT-EventQueue-0] INFO  com.zaxxer.hikari.HikariDataSource - AFPA-HikariPool - Starting...
24-11-2025 11:01:36 [AWT-EventQueue-0] INFO  com.zaxxer.hikari.pool.HikariPool - AFPA-HikariPool - Added connection com.mysql.cj.jdbc.ConnectionImpl@7454310d
24-11-2025 11:01:36 [AWT-EventQueue-0] INFO  com.zaxxer.hikari.HikariDataSource - AFPA-HikariPool - Start completed.
24-11-2025 11:41:50 [AWT-EventQueue-0] INFO  com.zaxxer.hikari.HikariDataSource - AFPA-HikariPool - Starting...
24-11-2025 11:41:50 [AWT-EventQueue-0] INFO  com.zaxxer.hikari.pool.HikariPool - AFPA-HikariPool - Added connection com.mysql.cj.jdbc.ConnectionImpl@6f49e1da
24-11-2025 11:41:50 [AWT-EventQueue-0] INFO  com.zaxxer.hikari.HikariDataSource - AFPA-HikariPool - Start completed.
24-11-2025 11:43:51 [AWT-EventQueue-0] INFO  com.zaxxer.hikari.HikariDataSource - AFPA-HikariPool - Shutdown initiated...
24-11-2025 11:43:51 [AWT-EventQueue-0] INFO  com.zaxxer.hikari.HikariDataSource - AFPA-HikariPool - Shutdown completed.
24-11-2025 11:44:08 [AWT-EventQueue-0] INFO  com.zaxxer.hikari.HikariDataSource - AFPA-HikariPool - Starting...
24-11-2025 11:44:08 [AWT-EventQueue-0] INFO  com.zaxxer.hikari.pool.HikariPool - AFPA-HikariPool - Added connection com.mysql.cj.jdbc.ConnectionImpl@6f49e1da
24-11-2025 11:44:08 [AWT-EventQueue-0] INFO  com.zaxxer.hikari.HikariDataSource - AFPA-HikariPool - Start completed.
24-11-2025 11:55:25 [AWT-EventQueue-0] INFO  com.zaxxer.hikari.HikariDataSource - AFPA-HikariPool - Starting...
24-11-2025 11:55:26 [AWT-EventQueue-0] INFO  com.zaxxer.hikari.pool.HikariPool - AFPA-HikariPool - Added connection com.mysql.cj.jdbc.ConnectionImpl@6f49e1da
24-11-2025 11:55:26 [AWT-EventQueue-0] INFO  com.zaxxer.hikari.HikariDataSource - AFPA-HikariPool - Start completed.
24-11-2025 12:09:23 [AWT-EventQueue-0] INFO  com.zaxxer.hikari.HikariDataSource - AFPA-HikariPool - Starting...
24-11-2025 12:09:23 [AWT-EventQueue-0] INFO  com.zaxxer.hikari.pool.HikariPool - AFPA-HikariPool - Added connection com.mysql.cj.jdbc.ConnectionImpl@6f49e1da
24-11-2025 12:09:23 [AWT-EventQueue-0] INFO  com.zaxxer.hikari.HikariDataSource - AFPA-HikariPool - Start completed.
24-11-2025 13:28:14 [AWT-EventQueue-0] WARN  t.afpa.cda24060.modele.Medicament - Le stock doit être supérieur à 0 : 0
24-11-2025 13:31:41 [AWT-EventQueue-0] INFO  com.zaxxer.hikari.HikariDataSource - AFPA-HikariPool - Shutdown initiated...
24-11-2025 13:31:41 [AWT-EventQueue-0] INFO  com.zaxxer.hikari.HikariDataSource - AFPA-HikariPool - Shutdown completed.
24-11-2025 13:31:54 [AWT-EventQueue-0] INFO  com.zaxxer.hikari.HikariDataSource - AFPA-HikariPool - Starting...
24-11-2025 13:31:54 [AWT-EventQueue-0] INFO  com.zaxxer.hikari.pool.HikariPool - AFPA-HikariPool - Added connection com.mysql.cj.jdbc.ConnectionImpl@6f49e1da
24-11-2025 13:31:54 [AWT-EventQueue-0] INFO  com.zaxxer.hikari.HikariDataSource - AFPA-HikariPool - Start completed.
24-11-2025 14:17:09 [AWT-EventQueue-0] INFO  com.zaxxer.hikari.HikariDataSource - AFPA-HikariPool - Starting...
24-11-2025 14:17:09 [AWT-EventQueue-0] INFO  com.zaxxer.hikari.pool.HikariPool - AFPA-HikariPool - Added connection com.mysql.cj.jdbc.ConnectionImpl@19d729c0
24-11-2025 14:17:09 [AWT-EventQueue-0] INFO  com.zaxxer.hikari.HikariDataSource - AFPA-HikariPool - Start completed.
24-11-2025 15:23:38 [AWT-EventQueue-0] INFO  com.zaxxer.hikari.HikariDataSource - AFPA-HikariPool - Starting...
24-11-2025 15:23:38 [AWT-EventQueue-0] INFO  com.zaxxer.hikari.pool.HikariPool - AFPA-HikariPool - Added connection com.mysql.cj.jdbc.ConnectionImpl@2d3786d4
24-11-2025 15:23:38 [AWT-EventQueue-0] INFO  com.zaxxer.hikari.HikariDataSource - AFPA-HikariPool - Start completed.
24-11-2025 15:45:00 [AWT-EventQueue-0] INFO  com.zaxxer.hikari.HikariDataSource - AFPA-HikariPool - Starting...
24-11-2025 15:45:00 [AWT-EventQueue-0] INFO  com.zaxxer.hikari.pool.HikariPool - AFPA-HikariPool - Added connection com.mysql.cj.jdbc.ConnectionImpl@1af00953
24-11-2025 15:45:00 [AWT-EventQueue-0] INFO  com.zaxxer.hikari.HikariDataSource - AFPA-HikariPool - Start completed.
24-11-2025 15:51:42 [AWT-EventQueue-0] INFO  com.zaxxer.hikari.HikariDataSource - AFPA-HikariPool - Starting...
24-11-2025 15:51:42 [AWT-EventQueue-0] INFO  com.zaxxer.hikari.pool.HikariPool - AFPA-HikariPool - Added connection com.mysql.cj.jdbc.ConnectionImpl@73147fc1
24-11-2025 15:51:42 [AWT-EventQueue-0] INFO  com.zaxxer.hikari.HikariDataSource - AFPA-HikariPool - Start completed.
24-11-2025 16:22:53 [AWT-EventQueue-0] INFO  com.zaxxer.hikari.HikariDataSource - AFPA-HikariPool - Starting...
24-11-2025 16:22:53 [AWT-EventQueue-0] INFO  com.zaxxer.hikari.pool.HikariPool - AFPA-HikariPool - Added connection com.mysql.cj.jdbc.ConnectionImpl@54898ed6
24-11-2025 16:22:53 [AWT-EventQueue-0] INFO  com.zaxxer.hikari.HikariDataSource - AFPA-HikariPool - Start completed.
24-11-2025 16:34:28 [AWT-EventQueue-0] INFO  com.zaxxer.hikari.HikariDataSource - AFPA-HikariPool - Shutdown initiated...
24-11-2025 16:34:28 [AWT-EventQueue-0] INFO  com.zaxxer.hikari.HikariDataSource - AFPA-HikariPool - Shutdown completed.
24-11-2025 16:34:37 [AWT-EventQueue-0] INFO  com.zaxxer.hikari.HikariDataSource - AFPA-HikariPool - Starting...
24-11-2025 16:34:37 [AWT-EventQueue-0] INFO  com.zaxxer.hikari.pool.HikariPool - AFPA-HikariPool - Added connection com.mysql.cj.jdbc.ConnectionImpl@54898ed6
24-11-2025 16:34:37 [AWT-EventQueue-0] INFO  com.zaxxer.hikari.HikariDataSource - AFPA-HikariPool - Start completed.
24-11-2025 16:57:40 [AWT-EventQueue-0] INFO  com.zaxxer.hikari.HikariDataSource - AFPA-HikariPool - Shutdown initiated...
24-11-2025 16:57:40 [AWT-EventQueue-0] INFO  com.zaxxer.hikari.HikariDataSource - AFPA-HikariPool - Shutdown completed.
