30-11-2025 15:14:18 [AWT-EventQueue-0] INFO  t.a.c.connection.Singleton_HikariCP - Initialisation du pool HikariCP...
30-11-2025 15:14:18 [AWT-EventQueue-0] INFO  t.a.c.connection.Singleton_HikariCP - Configuration chargée depuis conf.properties 
30-11-2025 15:14:18 [AWT-EventQueue-0] INFO  t.a.c.connection.Singleton_HikariCP - HikariCP configuré avec succès. Création du pool...
30-11-2025 15:14:18 [AWT-EventQueue-0] INFO  com.zaxxer.hikari.HikariDataSource - AFPA-HikariPool - Starting...
30-11-2025 15:14:19 [AWT-EventQueue-0] INFO  com.zaxxer.hikari.pool.HikariPool - AFPA-HikariPool - Added connection com.mysql.cj.jdbc.ConnectionImpl@6f0bc88
30-11-2025 15:14:19 [AWT-EventQueue-0] INFO  com.zaxxer.hikari.HikariDataSource - AFPA-HikariPool - Start completed.
30-11-2025 15:14:19 [AWT-EventQueue-0] INFO  t.a.c.connection.Singleton_HikariCP - Pool HikariCP initialisé avec succès.
30-11-2025 17:27:25 [AWT-EventQueue-0] INFO  t.a.c.connection.Singleton_HikariCP - Initialisation du pool HikariCP...
30-11-2025 17:27:25 [AWT-EventQueue-0] INFO  t.a.c.connection.Singleton_HikariCP - Configuration chargée depuis conf.properties 
30-11-2025 17:27:25 [AWT-EventQueue-0] INFO  t.a.c.connection.Singleton_HikariCP - HikariCP configuré avec succès. Création du pool...
30-11-2025 17:27:25 [AWT-EventQueue-0] INFO  com.zaxxer.hikari.HikariDataSource - AFPA-HikariPool - Starting...
30-11-2025 17:27:26 [AWT-EventQueue-0] INFO  com.zaxxer.hikari.pool.HikariPool - AFPA-HikariPool - Added connection com.mysql.cj.jdbc.ConnectionImpl@3524f2ae
30-11-2025 17:27:26 [AWT-EventQueue-0] INFO  com.zaxxer.hikari.HikariDataSource - AFPA-HikariPool - Start completed.
30-11-2025 17:27:26 [AWT-EventQueue-0] INFO  t.a.c.connection.Singleton_HikariCP - Pool HikariCP initialisé avec succès.
30-11-2025 22:40:16 [AWT-EventQueue-0] INFO  t.a.c.connection.Singleton_HikariCP - Initialisation du pool HikariCP...
30-11-2025 22:40:16 [AWT-EventQueue-0] INFO  t.a.c.connection.Singleton_HikariCP - Configuration chargée depuis conf.properties 
30-11-2025 22:40:16 [AWT-EventQueue-0] INFO  t.a.c.connection.Singleton_HikariCP - HikariCP configuré avec succès. Création du pool...
30-11-2025 22:40:16 [AWT-EventQueue-0] INFO  com.zaxxer.hikari.HikariDataSource - AFPA-HikariPool - Starting...
30-11-2025 22:40:16 [AWT-EventQueue-0] INFO  com.zaxxer.hikari.pool.HikariPool - AFPA-HikariPool - Added connection com.mysql.cj.jdbc.ConnectionImpl@7d1bfe4e
30-11-2025 22:40:16 [AWT-EventQueue-0] INFO  com.zaxxer.hikari.HikariDataSource - AFPA-HikariPool - Start completed.
30-11-2025 22:40:16 [AWT-EventQueue-0] INFO  t.a.c.connection.Singleton_HikariCP - Pool HikariCP initialisé avec succès.
30-11-2025 23:38:35 [AWT-EventQueue-0] INFO  t.a.c.connection.Singleton_HikariCP - Fermeture du pool HikariCP...
30-11-2025 23:38:35 [AWT-EventQueue-0] INFO  com.zaxxer.hikari.HikariDataSource - AFPA-HikariPool - Shutdown initiated...
30-11-2025 23:38:35 [AWT-EventQueue-0] INFO  com.zaxxer.hikari.HikariDataSource - AFPA-HikariPool - Shutdown completed.
30-11-2025 23:38:35 [AWT-EventQueue-0] INFO  t.a.c.connection.Singleton_HikariCP - Pool HikariCP fermé avec succès.
30-11-2025 23:58:41 [AWT-EventQueue-0] INFO  t.a.c.connection.Singleton_HikariCP - Initialisation du pool HikariCP...
30-11-2025 23:58:41 [AWT-EventQueue-0] INFO  t.a.c.connection.Singleton_HikariCP - Configuration chargée depuis conf.properties 
30-11-2025 23:58:41 [AWT-EventQueue-0] INFO  t.a.c.connection.Singleton_HikariCP - HikariCP configuré avec succès. Création du pool...
30-11-2025 23:58:41 [AWT-EventQueue-0] INFO  com.zaxxer.hikari.HikariDataSource - AFPA-HikariPool - Starting...
30-11-2025 23:58:42 [AWT-EventQueue-0] INFO  com.zaxxer.hikari.pool.HikariPool - AFPA-HikariPool - Added connection com.mysql.cj.jdbc.ConnectionImpl@59be4f07
30-11-2025 23:58:42 [AWT-EventQueue-0] INFO  com.zaxxer.hikari.HikariDataSource - AFPA-HikariPool - Start completed.
30-11-2025 23:58:42 [AWT-EventQueue-0] INFO  t.a.c.connection.Singleton_HikariCP - Pool HikariCP initialisé avec succès.
