01-12-2025 00:00:24 [AWT-EventQueue-0] INFO  t.a.c.connection.Singleton_HikariCP - Initialisation du pool HikariCP...
01-12-2025 00:00:24 [AWT-EventQueue-0] INFO  t.a.c.connection.Singleton_HikariCP - Configuration chargée depuis conf.properties 
01-12-2025 00:00:24 [AWT-EventQueue-0] INFO  t.a.c.connection.Singleton_HikariCP - HikariCP configuré avec succès. Création du pool...
01-12-2025 00:00:24 [AWT-EventQueue-0] INFO  com.zaxxer.hikari.HikariDataSource - AFPA-HikariPool - Starting...
01-12-2025 00:00:24 [AWT-EventQueue-0] INFO  com.zaxxer.hikari.pool.HikariPool - AFPA-HikariPool - Added connection com.mysql.cj.jdbc.ConnectionImpl@214dc7b
01-12-2025 00:00:24 [AWT-EventQueue-0] INFO  com.zaxxer.hikari.HikariDataSource - AFPA-HikariPool - Start completed.
01-12-2025 00:00:24 [AWT-EventQueue-0] INFO  t.a.c.connection.Singleton_HikariCP - Pool HikariCP initialisé avec succès.
01-12-2025 00:11:59 [AWT-EventQueue-0] INFO  t.a.c.connection.Singleton_HikariCP - Fermeture du pool HikariCP...
01-12-2025 00:11:59 [AWT-EventQueue-0] INFO  com.zaxxer.hikari.HikariDataSource - AFPA-HikariPool - Shutdown initiated...
01-12-2025 00:11:59 [AWT-EventQueue-0] INFO  com.zaxxer.hikari.HikariDataSource - AFPA-HikariPool - Shutdown completed.
01-12-2025 00:11:59 [AWT-EventQueue-0] INFO  t.a.c.connection.Singleton_HikariCP - Pool HikariCP fermé avec succès.
01-12-2025 00:12:10 [AWT-EventQueue-0] INFO  t.a.c.connection.Singleton_HikariCP - Initialisation du pool HikariCP...
01-12-2025 00:12:10 [AWT-EventQueue-0] INFO  t.a.c.connection.Singleton_HikariCP - Configuration chargée depuis conf.properties 
01-12-2025 00:12:10 [AWT-EventQueue-0] INFO  t.a.c.connection.Singleton_HikariCP - HikariCP configuré avec succès. Création du pool...
01-12-2025 00:12:10 [AWT-EventQueue-0] INFO  com.zaxxer.hikari.HikariDataSource - AFPA-HikariPool - Starting...
01-12-2025 00:12:10 [AWT-EventQueue-0] INFO  com.zaxxer.hikari.pool.HikariPool - AFPA-HikariPool - Added connection com.mysql.cj.jdbc.ConnectionImpl@214dc7b
01-12-2025 00:12:10 [AWT-EventQueue-0] INFO  com.zaxxer.hikari.HikariDataSource - AFPA-HikariPool - Start completed.
01-12-2025 00:12:10 [AWT-EventQueue-0] INFO  t.a.c.connection.Singleton_HikariCP - Pool HikariCP initialisé avec succès.
01-12-2025 00:13:38 [AWT-EventQueue-0] INFO  t.a.c.connection.Singleton_HikariCP - Fermeture du pool HikariCP...
01-12-2025 00:13:38 [AWT-EventQueue-0] INFO  com.zaxxer.hikari.HikariDataSource - AFPA-HikariPool - Shutdown initiated...
01-12-2025 00:13:38 [AWT-EventQueue-0] INFO  com.zaxxer.hikari.HikariDataSource - AFPA-HikariPool - Shutdown completed.
01-12-2025 00:13:38 [AWT-EventQueue-0] INFO  t.a.c.connection.Singleton_HikariCP - Pool HikariCP fermé avec succès.
